AR clock_divide behavioral D:/ThietKeLogicSo/DOANHETHONGSO/clock_didive.vhd sub00/vhpl01 1537284409
EN dem_0099 NULL E:/VS/DOANHETHONGSO/DOANHETHONGSO.vhd sub00/vhpl02 1522198126
EN clock_divide NULL D:/ThietKeLogicSo/DOANHETHONGSO/clock_didive.vhd sub00/vhpl00 1537284408
AR dem_0099 behavioral E:/VS/DOANHETHONGSO/DOANHETHONGSO.vhd sub00/vhpl03 1522198127
